// Jest Snapshot v1, https://goo.gl/fbAQLP

exports[`renders ./components/activity-indicator/demo/basic.md correctly 1`] = `
<div
  class="m-demo-list"
>
  <div
    class="m-activity-indicator"
  >
    <div
      class="m-activity-indicator-loading"
    >
      <i
        class="m-icon m-icon-loading m-icon-spin"
        style="color:#1e9eff;font-size:16px"
      >
        <svg
          aria-hidden="true"
          class=""
          fill="currentColor"
          height="1em"
          width="1em"
        >
          <use
            href="#icon-loading"
          />
        </svg>
      </i>
    </div>
    <div
      class="m-activity-indicator-text"
    >
      加载中...
    </div>
  </div>
  <div
    class="m-activity-indicator m-activity-indicator-vertical"
  >
    <div
      class="m-activity-indicator-loading"
    >
      <i
        class="m-icon m-icon-loading m-icon-spin"
        style="color:#f5222d;font-size:26px"
      >
        <svg
          aria-hidden="true"
          class=""
          fill="currentColor"
          height="1em"
          width="1em"
        >
          <use
            href="#icon-loading"
          />
        </svg>
      </i>
    </div>
    <div
      class="m-activity-indicator-text"
    >
      loading...
    </div>
  </div>
</div>
`;

exports[`renders ./components/activity-indicator/demo/carousel.md correctly 1`] = `
<div
  class="m-demo-list"
>
  <div
    class="m-activity-indicator"
  >
    <div
      class="m-activity-indicator-loading"
    >
      <div
        class="m-activity-indicator-carousel"
      >
        <svg
          class="m-activity-indicator-carousel-svg"
          fill="#1e9eff"
          style="width:64px;height:16px"
          viewBox="0 0 64 16"
          xmlns="http://www.w3.org/2000/svg"
        >
          <circle
            cx="8"
            cy="8"
            r="8"
          >
            <animate
              attributeName="fill-opacity"
              attributeType="XML"
              begin="0s"
              calcMode="linear"
              dur="1s"
              repeatCount="indefinite"
              values="1;0.8;0.6;0.6;0.6;0.8;1"
            />
            <animate
              attributeName="r"
              attributeType="XML"
              begin="0s"
              calcMode="linear"
              dur="1s"
              repeatCount="indefinite"
              values="8;6.4;4.8;4.8;4.8;6.4;8"
            />
          </circle>
          <circle
            cx="32"
            cy="8"
            r="8"
          >
            <animate
              attributeName="fill-opacity"
              attributeType="XML"
              begin="0s"
              calcMode="linear"
              dur="1s"
              repeatCount="indefinite"
              values="0.6;0.8;1;0.8;0.6;0.6;0.6"
            />
            <animate
              attributeName="r"
              attributeType="XML"
              begin="0s"
              calcMode="linear"
              dur="1s"
              repeatCount="indefinite"
              values="4.8;6.4;8;6.4;4.8;4.8;4.8"
            />
          </circle>
          <circle
            cx="56"
            cy="8"
            r="8"
          >
            <animate
              attributeName="fill-opacity"
              attributeType="XML"
              begin="0s"
              calcMode="linear"
              dur="1s"
              repeatCount="indefinite"
              values="0.6;0.6;0.6;0.8;1;0.8;0.6"
            />
            <animate
              attributeName="r"
              attributeType="XML"
              begin="0s"
              calcMode="linear"
              dur="1s"
              repeatCount="indefinite"
              values="4.8;4.8;4.8;6.4;8;6.4;4.8"
            />
          </circle>
        </svg>
      </div>
    </div>
    <div
      class="m-activity-indicator-text"
    />
  </div>
  <button
    class="m-button m-button-primary"
    type="button"
  >
    <div
      class="m-button-inner"
    >
      <span>
        确认支付
      </span>
    </div>
  </button>
</div>
`;
