// Jest Snapshot v1, https://goo.gl/fbAQLP

exports[`Agree renders correctly 1`] = `
<div
  class="m-agree"
>
  <div
    class="m-agree-icon"
  >
    <i
      class="m-icon m-icon-check-circle"
    >
      <svg
        aria-hidden="true"
        class=""
        fill="currentColor"
        height="1em"
        width="1em"
      >
        <use
          href="#icon-check-circle"
        />
      </svg>
    </i>
  </div>
  <div
    class="m-agree-content"
  >
    Default
  </div>
</div>
`;
